
===========================================================================
report_checks -unconstrained
============================================================================
Startpoint: oram_clk0 (clock source 'clk0')
Endpoint: openram_1kB/clk0 (internal pin)
Path Group: (none)
Path Type: max

Fanout     Cap    Slew   Delay    Time   Description
-----------------------------------------------------------------------------
                  0.00    0.00   50.00 v oram_clk0 (in)
     1    0.00                           oram_clk0 (net)
                  0.00    0.00   50.00 v openram_1kB/clk0 (sky130_sram_1kbyte_1rw1r_32x256_8)
                                 50.00   data arrival time
-----------------------------------------------------------------------------
(Path is unconstrained)



===========================================================================
report_checks --slack_max -0.01
============================================================================
No paths found.
